
<!DOCTYPE html>
<html lang="en">
<head>
    <meta charset="UTF-8">
    <meta http-equiv="X-UA-Compatible" content="IE=edge">
    <meta name="viewport" content="width=device-width, initial-scale=1.0">
    <title>My amazing blog!</title>
</head>
<body>
   <nav role="navigation">
       <div>
           <h1>Building Gopher's blog</h1>
           <ul>
               <li><a href="/">home</a></li>
               <li><a href="about">about</a></li>
               <li><a href="archive">archive</a></li>
           </ul>
       </div>
   </nav>
   <main>

       <ol><li><a href="/post/untitled-player">Untitled Player</a></li><li><a href="/post/little-sunshine">Little Sunshine</a></li></ol>

  </main>
  <footer>
      <ul>
          <li><a href="https://twitter.com/quii">Twitter</a></li>
          <li><a href="https://github.com/quii">Github</a></li>
      </ul>
  </footer>
</body>
</html>

